Archive member included to satisfy reference by file (symbol)

/usr/local/gcc_arm/gcc-arm-none-eabi-6-2017-q2-update/bin/../lib/gcc/arm-none-eabi/6.3.1/../../../../arm-none-eabi/lib/thumb/v7e-m/fpv4-sp/hard/libm.a(lib_a-sf_cos.o)
                              build/obj/digital_filter.o (cosf)
/usr/local/gcc_arm/gcc-arm-none-eabi-6-2017-q2-update/bin/../lib/gcc/arm-none-eabi/6.3.1/../../../../arm-none-eabi/lib/thumb/v7e-m/fpv4-sp/hard/libm.a(lib_a-sf_floor.o)
                              build/obj/mcpwm_foc.o (floorf)
/usr/local/gcc_arm/gcc-arm-none-eabi-6-2017-q2-update/bin/../lib/gcc/arm-none-eabi/6.3.1/../../../../arm-none-eabi/lib/thumb/v7e-m/fpv4-sp/hard/libm.a(lib_a-sf_frexp.o)
                              build/obj/buffer.o (frexpf)
/usr/local/gcc_arm/gcc-arm-none-eabi-6-2017-q2-update/bin/../lib/gcc/arm-none-eabi/6.3.1/../../../../arm-none-eabi/lib/thumb/v7e-m/fpv4-sp/hard/libm.a(lib_a-sf_ldexp.o)
                              build/obj/buffer.o (ldexpf)
/usr/local/gcc_arm/gcc-arm-none-eabi-6-2017-q2-update/bin/../lib/gcc/arm-none-eabi/6.3.1/../../../../arm-none-eabi/lib/thumb/v7e-m/fpv4-sp/hard/libm.a(lib_a-sf_round.o)
                              build/obj/ledpwm.o (roundf)
/usr/local/gcc_arm/gcc-arm-none-eabi-6-2017-q2-update/bin/../lib/gcc/arm-none-eabi/6.3.1/../../../../arm-none-eabi/lib/thumb/v7e-m/fpv4-sp/hard/libm.a(lib_a-sf_scalbn.o)
                              /usr/local/gcc_arm/gcc-arm-none-eabi-6-2017-q2-update/bin/../lib/gcc/arm-none-eabi/6.3.1/../../../../arm-none-eabi/lib/thumb/v7e-m/fpv4-sp/hard/libm.a(lib_a-sf_ldexp.o) (scalbnf)
/usr/local/gcc_arm/gcc-arm-none-eabi-6-2017-q2-update/bin/../lib/gcc/arm-none-eabi/6.3.1/../../../../arm-none-eabi/lib/thumb/v7e-m/fpv4-sp/hard/libm.a(lib_a-sf_sin.o)
                              build/obj/digital_filter.o (sinf)
/usr/local/gcc_arm/gcc-arm-none-eabi-6-2017-q2-update/bin/../lib/gcc/arm-none-eabi/6.3.1/../../../../arm-none-eabi/lib/thumb/v7e-m/fpv4-sp/hard/libm.a(lib_a-w_sqrt.o)
                              build/obj/digital_filter.o (sqrt)
/usr/local/gcc_arm/gcc-arm-none-eabi-6-2017-q2-update/bin/../lib/gcc/arm-none-eabi/6.3.1/../../../../arm-none-eabi/lib/thumb/v7e-m/fpv4-sp/hard/libm.a(lib_a-wf_asin.o)
                              build/obj/mcpwm.o (asinf)
/usr/local/gcc_arm/gcc-arm-none-eabi-6-2017-q2-update/bin/../lib/gcc/arm-none-eabi/6.3.1/../../../../arm-none-eabi/lib/thumb/v7e-m/fpv4-sp/hard/libm.a(lib_a-wf_atan2.o)
                              build/obj/mcpwm_foc.o (atan2f)
/usr/local/gcc_arm/gcc-arm-none-eabi-6-2017-q2-update/bin/../lib/gcc/arm-none-eabi/6.3.1/../../../../arm-none-eabi/lib/thumb/v7e-m/fpv4-sp/hard/libm.a(lib_a-wf_exp.o)
                              build/obj/utils.o (expf)
/usr/local/gcc_arm/gcc-arm-none-eabi-6-2017-q2-update/bin/../lib/gcc/arm-none-eabi/6.3.1/../../../../arm-none-eabi/lib/thumb/v7e-m/fpv4-sp/hard/libm.a(lib_a-wf_fmod.o)
                              build/obj/utils.o (fmodf)
/usr/local/gcc_arm/gcc-arm-none-eabi-6-2017-q2-update/bin/../lib/gcc/arm-none-eabi/6.3.1/../../../../arm-none-eabi/lib/thumb/v7e-m/fpv4-sp/hard/libm.a(lib_a-wf_log.o)
                              build/obj/mc_interface.o (logf)
/usr/local/gcc_arm/gcc-arm-none-eabi-6-2017-q2-update/bin/../lib/gcc/arm-none-eabi/6.3.1/../../../../arm-none-eabi/lib/thumb/v7e-m/fpv4-sp/hard/libm.a(lib_a-wf_pow.o)
                              build/obj/ledpwm.o (powf)
/usr/local/gcc_arm/gcc-arm-none-eabi-6-2017-q2-update/bin/../lib/gcc/arm-none-eabi/6.3.1/../../../../arm-none-eabi/lib/thumb/v7e-m/fpv4-sp/hard/libm.a(lib_a-wf_sincos.o)
                              build/obj/mcpwm_foc.o (sincosf)
/usr/local/gcc_arm/gcc-arm-none-eabi-6-2017-q2-update/bin/../lib/gcc/arm-none-eabi/6.3.1/../../../../arm-none-eabi/lib/thumb/v7e-m/fpv4-sp/hard/libm.a(lib_a-wf_sqrt.o)
                              build/obj/mcpwm.o (sqrtf)
/usr/local/gcc_arm/gcc-arm-none-eabi-6-2017-q2-update/bin/../lib/gcc/arm-none-eabi/6.3.1/../../../../arm-none-eabi/lib/thumb/v7e-m/fpv4-sp/hard/libm.a(lib_a-e_sqrt.o)
                              /usr/local/gcc_arm/gcc-arm-none-eabi-6-2017-q2-update/bin/../lib/gcc/arm-none-eabi/6.3.1/../../../../arm-none-eabi/lib/thumb/v7e-m/fpv4-sp/hard/libm.a(lib_a-w_sqrt.o) (__ieee754_sqrt)
/usr/local/gcc_arm/gcc-arm-none-eabi-6-2017-q2-update/bin/../lib/gcc/arm-none-eabi/6.3.1/../../../../arm-none-eabi/lib/thumb/v7e-m/fpv4-sp/hard/libm.a(lib_a-ef_asin.o)
                              /usr/local/gcc_arm/gcc-arm-none-eabi-6-2017-q2-update/bin/../lib/gcc/arm-none-eabi/6.3.1/../../../../arm-none-eabi/lib/thumb/v7e-m/fpv4-sp/hard/libm.a(lib_a-wf_asin.o) (__ieee754_asinf)
/usr/local/gcc_arm/gcc-arm-none-eabi-6-2017-q2-update/bin/../lib/gcc/arm-none-eabi/6.3.1/../../../../arm-none-eabi/lib/thumb/v7e-m/fpv4-sp/hard/libm.a(lib_a-ef_atan2.o)
[...]
Memory Configuration

Name             Origin             Length             Attributes
flash            0x0000000008000000 0x0000000000004000
flash2           0x000000000800c000 0x0000000000078000
ram0             0x0000000020000000 0x0000000000020000
ram1             0x0000000020000000 0x000000000001c000
ram2             0x000000002001c000 0x0000000000004000
ram3             0x0000000000000000 0x0000000000000000
ram4             0x0000000010000000 0x0000000000010000
ram5             0x0000000040024000 0x0000000000001000
ram6             0x0000000000000000 0x0000000000000000
ram7             0x0000000000000000 0x0000000000000000
*default*        0x0000000000000000 0xffffffffffffffff

Linker script and memory map

LOAD build/obj/crt0_v7m.o
LOAD build/obj/chcoreasm_v7m.o
LOAD build/obj/crt1.o
LOAD build/obj/vectors.o
LOAD build/obj/chsys.o
LOAD build/obj/chdebug.o
LOAD build/obj/chvt.o
LOAD build/obj/chschd.o
LOAD build/obj/chthreads.o
LOAD build/obj/chtm.o
LOAD build/obj/chdynamic.o
LOAD build/obj/chregistry.o
LOAD build/obj/chsem.o
LOAD build/obj/chmtx.o
LOAD build/obj/chcond.o
LOAD build/obj/chevents.o
LOAD build/obj/chmsg.o
LOAD build/obj/chmboxes.o
LOAD build/obj/chqueues.o
LOAD build/obj/chmemcore.o
LOAD build/obj/chheap.o
LOAD build/obj/chmempools.o
LOAD build/obj/chcore.o
LOAD build/obj/chcore_v7m.o
LOAD build/obj/osal.o
LOAD build/obj/hal.o
LOAD build/obj/st.o
LOAD build/obj/hal_queues.o
LOAD build/obj/hal_mmcsd.o
LOAD build/obj/can.o
LOAD build/obj/i2c.o
LOAD build/obj/icu.o
LOAD build/obj/pal.o
LOAD build/obj/serial_usb.o
LOAD build/obj/spi.o
LOAD build/obj/uart.o
LOAD build/obj/usb.o
LOAD build/obj/nvic.o
LOAD build/obj/stm32_dma.o
LOAD build/obj/hal_lld.o
LOAD build/obj/st_lld.o
LOAD build/obj/can_lld.o
LOAD build/obj/pal_lld.o
LOAD build/obj/i2c_lld.o
LOAD build/obj/usb_lld.o
LOAD build/obj/spi_lld.o
LOAD build/obj/icu_lld.o
LOAD build/obj/uart_lld.o
LOAD build/obj/chprintf.o
LOAD build/obj/syscalls.o
LOAD build/obj/board.o
LOAD build/obj/main.o
LOAD build/obj/comm_usb_serial.o
LOAD build/obj/irq_handlers.o
LOAD build/obj/buffer.o
LOAD build/obj/comm_usb.o
LOAD build/obj/crc.o
LOAD build/obj/digital_filter.o
LOAD build/obj/ledpwm.o
LOAD build/obj/mcpwm.o
LOAD build/obj/servo_dec.o
LOAD build/obj/utils.o
LOAD build/obj/servo.o
LOAD build/obj/servo_simple.o
LOAD build/obj/packet.o
LOAD build/obj/terminal.o
LOAD build/obj/conf_general.o
LOAD build/obj/eeprom.o
LOAD build/obj/commands.o
LOAD build/obj/timeout.o
LOAD build/obj/comm_can.o
LOAD build/obj/ws2811.o
LOAD build/obj/led_external.o
LOAD build/obj/encoder.o
LOAD build/obj/flash_helper.o
LOAD build/obj/mc_interface.o
LOAD build/obj/mcpwm_foc.o
LOAD build/obj/hw_40.o
LOAD build/obj/hw_45.o
LOAD build/obj/hw_r2.o
LOAD build/obj/hw_46.o
LOAD build/obj/hw_48.o
LOAD build/obj/hw_49.o
LOAD build/obj/hw_410.o
LOAD build/obj/hw_60.o
LOAD build/obj/hw_victor_r1a.o
LOAD build/obj/hw_das_rs.o
LOAD build/obj/drv8301.o
LOAD build/obj/drv8305.o
LOAD build/obj/hw_palta.o
LOAD build/obj/hw_rh.o
LOAD build/obj/hw_tp.o
LOAD build/obj/app.o
LOAD build/obj/app_ppm.o
LOAD build/obj/app_adc.o
LOAD build/obj/app_sten.o
LOAD build/obj/app_uartcomm.o
LOAD build/obj/app_nunchuk.o
LOAD build/obj/app_test.o
LOAD build/obj/app_custom.o
LOAD build/obj/spi_sw.o
LOAD build/obj/rf.o
LOAD build/obj/rfhelp.o
LOAD build/obj/nrf_driver.o
LOAD build/obj/misc.o
LOAD build/obj/stm32f4xx_adc.o
LOAD build/obj/stm32f4xx_dma.o
LOAD build/obj/stm32f4xx_exti.o
LOAD build/obj/stm32f4xx_flash.o
LOAD build/obj/stm32f4xx_rcc.o
LOAD build/obj/stm32f4xx_syscfg.o
LOAD build/obj/stm32f4xx_tim.o
LOAD build/obj/stm32f4xx_wwdg.o
                0x0000000020000000                __ram0_start__ = ORIGIN (ram0)
                0x0000000000020000                __ram0_size__ = LENGTH (ram0)
                0x0000000020020000                __ram0_end__ = (__ram0_start__ + __ram0_size__)
                0x0000000020000000                __ram1_start__ = ORIGIN (ram1)
                0x000000000001c000                __ram1_size__ = LENGTH (ram1)
                0x000000002001c000                __ram1_end__ = (__ram1_start__ + __ram1_size__)
                0x000000002001c000                __ram2_start__ = ORIGIN (ram2)
                0x0000000000004000                __ram2_size__ = LENGTH (ram2)
                0x0000000020020000                __ram2_end__ = (__ram2_start__ + __ram2_size__)
                0x0000000000000000                __ram3_start__ = ORIGIN (ram3)
                0x0000000000000000                __ram3_size__ = LENGTH (ram3)
                0x0000000000000000                __ram3_end__ = (__ram3_start__ + __ram3_size__)
                0x0000000010000000                __ram4_start__ = ORIGIN (ram4)
                0x0000000000010000                __ram4_size__ = LENGTH (ram4)
                0x0000000010010000                __ram4_end__ = (__ram4_start__ + __ram4_size__)
                0x0000000040024000                __ram5_start__ = ORIGIN (ram5)
                0x0000000000001000                __ram5_size__ = LENGTH (ram5)
                0x0000000040025000                __ram5_end__ = (__ram5_start__ + __ram5_size__)
                0x0000000000000000                __ram6_start__ = ORIGIN (ram6)
                0x0000000000000000                __ram6_size__ = LENGTH (ram6)
                0x0000000000000000                __ram6_end__ = (__ram6_start__ + __ram6_size__)
                0x0000000000000000                __ram7_start__ = ORIGIN (ram7)
                0x0000000000000000                __ram7_size__ = LENGTH (ram7)
                0x0000000000000000                __ram7_end__ = (__ram7_start__ + __ram7_size__)
                0x0000000000000000                . = 0x0
                0x0000000000000000                _text = .

startup         0x0000000008000000      0x1c0
 *(.vectors)
 .vectors       0x0000000008000000      0x1c0 build/obj/vectors.o
                0x0000000008000000                _vectors

constructors    0x000000000800c000        0x0
                0x000000000800c000                PROVIDE (__init_array_start, .)
 *(SORT(.init_array.*))
 *(.init_array)
                0x000000000800c000                PROVIDE (__init_array_end, .)

destructors     0x000000000800c000        0x0
                0x000000000800c000                PROVIDE (__fini_array_start, .)
 *(.fini_array)
 *(SORT(.fini_array.*))
                0x000000000800c000                PROVIDE (__fini_array_end, .)

.text           0x000000000800c000    0x24edc
 *(.text)
 .text          0x000000000800c000      0x104 build/obj/crt0_v7m.o
                0x000000000800c000                Reset_Handler
 *fill*         0x000000000800c104        0xc 
 .text          0x000000000800c110       0x30 build/obj/chcoreasm_v7m.o
                0x000000000800c110                _port_switch
                0x000000000800c128                _port_thread_start
                0x000000000800c138                _port_switch_from_isr
                0x000000000800c13c                _port_exit_from_isr
 .text          0x000000000800c140      0x370 /usr/local/gcc_arm/gcc-arm-none-eabi-6-2017-q2-update/bin/../lib/gcc/arm-none-eabi/6.3.1/thumb/v7e-m/fpv4-sp/hard/libgcc.a(_arm_addsubdf3.o)
                0x000000000800c140                __aeabi_drsub
                0x000000000800c148                __subdf3
                0x000000000800c148                __aeabi_dsub
                0x000000000800c14c                __aeabi_dadd
                0x000000000800c14c                __adddf3
                0x000000000800c3c4                __aeabi_ui2d
                0x000000000800c3c4                __floatunsidf
                0x000000000800c3e4                __floatsidf
                0x000000000800c3e4                __aeabi_i2d
                0x000000000800c408                __extendsfdf2
                0x000000000800c408                __aeabi_f2d
                0x000000000800c444                __aeabi_ul2d
                0x000000000800c444                __floatundidf
                0x000000000800c454                __aeabi_l2d
                0x000000000800c454                __floatdidf
 .text          0x000000000800c4b0      0x424 /usr/local/gcc_arm/gcc-arm-none-eabi-6-2017-q2-update/bin/../lib/gcc/arm-none-eabi/6.3.1/thumb/v7e-m/fpv4-sp/hard/libgcc.a(_arm_muldivdf3.o)
                0x000000000800c4b0                __aeabi_dmul
                0x000000000800c4b0                __muldf3
                0x000000000800c704                __aeabi_ddiv
                0x000000000800c704                __divdf3
 *fill*         0x000000000800c8d4        0xc 
 .text          0x000000000800c8e0      0x110 /usr/local/gcc_arm/gcc-arm-none-eabi-6-2017-q2-update/bin/../lib/gcc/arm-none-eabi/6.3.1/thumb/v7e-m/fpv4-sp/hard/libgcc.a(_arm_cmpdf2.o)
                0x000000000800c8e0                __gedf2
                0x000000000800c8e0                __gtdf2
                0x000000000800c8e8                __ledf2
                0x000000000800c8e8                __ltdf2
                0x000000000800c8f0                __cmpdf2
                0x000000000800c8f0                __eqdf2
                0x000000000800c8f0                __nedf2
                0x000000000800c96c                __aeabi_cdrcmple
                0x000000000800c97c                __aeabi_cdcmple
                0x000000000800c97c                __aeabi_cdcmpeq
                0x000000000800c98c                __aeabi_dcmpeq
                0x000000000800c9a0                __aeabi_dcmplt
                0x000000000800c9b4                __aeabi_dcmple
                0x000000000800c9c8                __aeabi_dcmpge
                0x000000000800c9dc                __aeabi_dcmpgt
 .text          0x000000000800c9f0       0x2c /usr/local/gcc_arm/gcc-arm-none-eabi-6-2017-q2-update/bin/../lib/gcc/arm-none-eabi/6.3.1/thumb/v7e-m/fpv4-sp/hard/libgcc.a(_arm_unorddf2.o)
                0x000000000800c9f0                __aeabi_dcmpun
                0x000000000800c9f0                __unorddf2
 *fill*         0x000000000800ca1c        0x4 
 .text          0x000000000800ca20       0x50 /usr/local/gcc_arm/gcc-arm-none-eabi-6-2017-q2-update/bin/../lib/gcc/arm-none-eabi/6.3.1/thumb/v7e-m/fpv4-sp/hard/libgcc.a(_arm_fixdfsi.o)
                0x000000000800ca20                __fixdfsi
                0x000000000800ca20                __aeabi_d2iz
 .text          0x000000000800ca70       0xa0 /usr/local/gcc_arm/gcc-arm-none-eabi-6-2017-q2-update/bin/../lib/gcc/arm-none-eabi/6.3.1/thumb/v7e-m/fpv4-sp/hard/libgcc.a(_arm_truncdfsf2.o)
                0x000000000800ca70                __aeabi_d2f
                0x000000000800ca70                __truncdfsf2
 .text          0x000000000800cb10      0x134 /usr/local/gcc_arm/gcc-arm-none-eabi-6-2017-q2-update/bin/../lib/gcc/arm-none-eabi/6.3.1/../../../../arm-none-eabi/lib/thumb/v7e-m/fpv4-sp/hard/libg.a(lib_a-memcpy.o)
                0x000000000800cb10                memcpy
 *fill*         0x000000000800cc44        0xc 
 .text          0x000000000800cc50      0x2dc /usr/local/gcc_arm/gcc-arm-none-eabi-6-2017-q2-update/bin/../lib/gcc/arm-none-eabi/6.3.1/../../../../arm-none-eabi/lib/thumb/v7e-m/fpv4-sp/hard/libg.a(lib_a-strcmp.o)
                0x000000000800cc58                strcmp
 *fill*         0x000000000800cf2c        0x4 
 .text          0x000000000800cf30       0xdc /usr/local/gcc_arm/gcc-arm-none-eabi-6-2017-q2-update/bin/../lib/gcc/arm-none-eabi/6.3.1/../../../../arm-none-eabi/lib/thumb/v7e-m/fpv4-sp/hard/libg.a(lib_a-strlen.o)
                0x000000000800cf30                strlen
 *fill*         0x000000000800d00c        0x4 
 .text          0x000000000800d010       0xa0 /usr/local/gcc_arm/gcc-arm-none-eabi-6-2017-q2-update/bin/../lib/gcc/arm-none-eabi/6.3.1/../../../../arm-none-eabi/lib/thumb/v7e-m/fpv4-sp/hard/libg.a(lib_a-memchr.o)
                0x000000000800d010                memchr
 .text          0x000000000800d0b0       0x40 /usr/local/gcc_arm/gcc-arm-none-eabi-6-2017-q2-update/bin/../lib/gcc/arm-none-eabi/6.3.1/thumb/v7e-m/fpv4-sp/hard/libgcc.a(_arm_fixunsdfsi.o)
                0x000000000800d0b0                __fixunsdfsi
                0x000000000800d0b0                __aeabi_d2uiz
 .text          0x000000000800d0f0       0x30 /usr/local/gcc_arm/gcc-arm-none-eabi-6-2017-q2-update/bin/../lib/gcc/arm-none-eabi/6.3.1/thumb/v7e-m/fpv4-sp/hard/libgcc.a(_aeabi_uldivmod.o)
                0x000000000800d0f0                __aeabi_uldivmod
 .text          0x000000000800d120      0x2dc /usr/local/gcc_arm/gcc-arm-none-eabi-6-2017-q2-update/bin/../lib/gcc/arm-none-eabi/6.3.1/thumb/v7e-m/fpv4-sp/hard/libgcc.a(_udivmoddi4.o)
                0x000000000800d120                __udivmoddi4
 *fill*         0x000000000800d3fc        0x4 
 .text          0x000000000800d400        0x4 /usr/local/gcc_arm/gcc-arm-none-eabi-6-2017-q2-update/bin/../lib/gcc/arm-none-eabi/6.3.1/thumb/v7e-m/fpv4-sp/hard/libgcc.a(_dvmd_tls.o)
                0x000000000800d400                __aeabi_ldiv0
                0x000000000800d400                __aeabi_idiv0
 *(.text.*)
 *fill*         0x000000000800d404        0xc 
 .text.__core_init
                0x000000000800d410        0x4 build/obj/crt1.o
                0x000000000800d410                __core_init
 *fill*         0x000000000800d414        0xc 
 .text.__late_init
                0x000000000800d420        0x4 build/obj/crt1.o
                0x000000000800d420                __late_init
 *fill*         0x000000000800d424        0xc 
 .text.__default_exit
                0x000000000800d430        0x4 build/obj/crt1.o
                0x000000000800d430                __default_exit
 *fill*         0x000000000800d434        0xc 
 .text._unhandled_exception
                0x000000000800d440        0x4 build/obj/vectors.o
                0x000000000800d440                Vector174
                0x000000000800d440                Vector9C
                0x000000000800d440                VectorE8
                0x000000000800d440                VectorAC
                0x000000000800d440                DebugMon_Handler
                0x000000000800d440                Vector1A0
                0x000000000800d440                Vector5C
                0x000000000800d440                Vector11C
                0x000000000800d440                HardFault_Handler
                0x000000000800d440                Vector1B8
                0x000000000800d440                Vector19C
                0x000000000800d440                PendSV_Handler
                0x000000000800d440                Vector168
                0x000000000800d440                NMI_Handler
                0x000000000800d440                Vector110
                0x000000000800d440                VectorA8
                0x000000000800d440                Vector160
                0x000000000800d440                Vector1B0
                0x000000000800d440                UsageFault_Handler
                0x000000000800d440                VectorEC
                0x000000000800d440                Vector40
                0x000000000800d440                Vector108
                0x000000000800d440                VectorBC
                0x000000000800d440                Vector190
                0x000000000800d440                Vector148
                0x000000000800d440                Vector188
                0x000000000800d440                Vector198
                0x000000000800d440                Vector118
                0x000000000800d440                Vector64
                0x000000000800d440                VectorCC
                0x000000000800d440                Vector54
                0x000000000800d440                VectorD8
                0x000000000800d440                Vector138
                0x000000000800d440                Vector24
                0x000000000800d440                Vector1AC
                0x000000000800d440                Vector178
                0x000000000800d440                Vector1A4
                0x000000000800d440                VectorD0
                0x000000000800d440                Vector1B4
                0x000000000800d440                Vector140
                0x000000000800d440                VectorE4
                0x000000000800d440                VectorC0
                0x000000000800d440                Vector134
                0x000000000800d440                VectorF0
                0x000000000800d440                Vector13C
                0x000000000800d440                Vector100
                0x000000000800d440                VectorF4
                0x000000000800d440                MemManage_Handler
                0x000000000800d440                VectorA0
                0x000000000800d440                Vector180
                0x000000000800d440                VectorB0
                0x000000000800d440                Vector114
                0x000000000800d440                Vector60
                0x000000000800d440                Vector164
                0x000000000800d440                Vector1C
                0x000000000800d440                Vector1BC
                0x000000000800d440                Vector17C
                0x000000000800d440                Vector48
                0x000000000800d440                Vector1A8
                0x000000000800d440                Vector16C
                0x000000000800d440                VectorD4
                0x000000000800d440                Vector4C
                0x000000000800d440                Vector144
                0x000000000800d440                Vector68
                0x000000000800d440                _unhandled_exception
                0x000000000800d440                Vector170
                0x000000000800d440                Vector104
                0x000000000800d440                Vector184
                0x000000000800d440                Vector10C
                0x000000000800d440                BusFault_Handler
                0x000000000800d440                Vector50
                0x000000000800d440                Vector194
                0x000000000800d440                Vector44
                0x000000000800d440                Vector28
                0x000000000800d440                Vector34
                0x000000000800d440                VectorA4
                0x000000000800d440                Vector20
                0x000000000800d440                Vector18C
                0x000000000800d440                Vector58
 *fill*         0x000000000800d444        0xc 
 .text._idle_thread
                0x000000000800d450        0x4 build/obj/chsys.o
 *fill*         0x000000000800d454        0xc 
 .text.chSysInit
                0x000000000800d460       0xa4 build/obj/chsys.o
                0x000000000800d460                chSysInit
 *fill*         0x000000000800d504        0xc 
 .text.chSysHalt
                0x000000000800d510        0xc build/obj/chsys.o
                0x000000000800d510                chSysHalt
 *fill*         0x000000000800d51c        0x4 
 .text.chSysTimerHandlerI
                0x000000000800d520       0x58 build/obj/chsys.o
                0x000000000800d520                chSysTimerHandlerI
 *fill*         0x000000000800d578        0x8 
 .text.chSysPolledDelayX
                0x000000000800d580       0x14 build/obj/chsys.o
                0x000000000800d580                chSysPolledDelayX
 *fill*         0x000000000800d594        0xc 
 .text._vt_init
                0x000000000800d5a0       0x1c build/obj/chvt.o
                0x000000000800d5a0                _vt_init
 *fill*         0x000000000800d5bc        0x4 
 .text.chVTDoSetI
                0x000000000800d5c0       0x3c build/obj/chvt.o
                0x000000000800d5c0                chVTDoSetI
 *fill*         0x000000000800d5fc        0x4 
 .text.chVTDoResetI
                0x000000000800d600       0x28 build/obj/chvt.o
                0x000000000800d600                chVTDoResetI
 *fill*         0x000000000800d628        0x8 
 .text.wakeup   0x000000000800d630       0x6c build/obj/chschd.o
 *fill*         0x000000000800d69c        0x4 
 .text._scheduler_init
                0x000000000800d6a0       0x14 build/obj/chschd.o
                0x000000000800d6a0                _scheduler_init
 *fill*         0x000000000800d6b4        0xc 
 .text.chSchReadyI
                0x000000000800d6c0       0x2c build/obj/chschd.o
                0x000000000800d6c0                chSchReadyI
 *fill*         0x000000000800d6ec        0x4 
 .text.chSchGoSleepS
                0x000000000800d6f0       0x28 build/obj/chschd.o
                0x000000000800d6f0                chSchGoSleepS
 *fill*         0x000000000800d718        0x8 
 .text.chSchGoSleepTimeoutS
                0x000000000800d720       0x44 build/obj/chschd.o
                0x000000000800d720                chSchGoSleepTimeoutS
 *fill*         0x000000000800d764        0xc 
 .text.chSchWakeupS
                0x000000000800d770       0x58 build/obj/chschd.o
                0x000000000800d770                chSchWakeupS
 *fill*         0x000000000800d7c8        0x8 
 .text.chSchIsPreemptionRequired
                0x000000000800d7d0       0x28 build/obj/chschd.o
                0x000000000800d7d0                chSchIsPreemptionRequired
 *fill*         0x000000000800d7f8        0x8 
 .text.chSchDoRescheduleBehind
                0x000000000800d800       0x40 build/obj/chschd.o
                0x000000000800d800                chSchDoRescheduleBehind
 .text.chSchDoRescheduleAhead
                0x000000000800d840       0x3c build/obj/chschd.o
                0x000000000800d840                chSchDoRescheduleAhead
 *fill*         0x000000000800d87c        0x4 
 .text.chSchRescheduleS
                0x000000000800d880       0x18 build/obj/chschd.o
                0x000000000800d880                chSchRescheduleS
 *fill*         0x000000000800d898        0x8 
 .text.chSchDoReschedule
                0x000000000800d8a0       0x14 build/obj/chschd.o
                0x000000000800d8a0                chSchDoReschedule
 *fill*         0x000000000800d8b4        0xc 
 .text._thread_init
                0x000000000800d8c0       0x44 build/obj/chthreads.o
                0x000000000800d8c0                _thread_init
 *fill*         0x000000000800d904        0xc 
 .text.chThdCreateI
                0x000000000800d910       0x58 build/obj/chthreads.o
                0x000000000800d910                chThdCreateI
 *fill*         0x000000000800d968        0x8 
 .text.chThdCreateStatic
                0x000000000800d970       0x68 build/obj/chthreads.o
                0x000000000800d970                chThdCreateStatic
 *fill*         0x000000000800d9d8        0x8 
 .text.chThdSleep
                0x000000000800d9e0       0x18 build/obj/chthreads.o
                0x000000000800d9e0                chThdSleep
 *fill*         0x000000000800d9f8        0x8 
 .text.chThdExitS
                0x000000000800da00       0x40 build/obj/chthreads.o
                0x000000000800da00                chThdExitS
 .text.chThdExit
                0x000000000800da40        0xc build/obj/chthreads.o
                0x000000000800da40                chThdExit
 *fill*         0x000000000800da4c        0x4 
 .text.chThdSuspendS
                0x000000000800da50       0x1c build/obj/chthreads.o
                0x000000000800da50                chThdSuspendS
 *fill*         0x000000000800da6c        0x4 
 .text.chThdSuspendTimeoutS
                0x000000000800da70       0x1c build/obj/chthreads.o
                0x000000000800da70                chThdSuspendTimeoutS
 *fill*         0x000000000800da8c        0x4 
 .text.chThdResumeI
                0x000000000800da90       0x14 build/obj/chthreads.o
                0x000000000800da90                chThdResumeI
 *fill*         0x000000000800daa4        0xc 
 .text.chThdEnqueueTimeoutS
                0x000000000800dab0       0x28 build/obj/chthreads.o
                0x000000000800dab0                chThdEnqueueTimeoutS
 *fill*         0x000000000800dad8        0x8 
 .text.chThdDequeueAllI
                0x000000000800dae0       0x24 build/obj/chthreads.o
                0x000000000800dae0                chThdDequeueAllI
 *fill*         0x000000000800db04        0xc 
 .text.chTMStartMeasurementX
                0x000000000800db10        0xc build/obj/chtm.o
                0x000000000800db10                chTMStartMeasurementX
 *fill*         0x000000000800db1c        0x4 
 .text.chTMStopMeasurementX
                0x000000000800db20       0x48 build/obj/chtm.o
                0x000000000800db20                chTMStopMeasurementX
 *fill*         0x000000000800db68        0x8 
 .text._tm_init
                0x000000000800db70       0x38 build/obj/chtm.o
                0x000000000800db70                _tm_init
 *fill*         0x000000000800dba8        0x8 
 .text.chThdRelease
                0x000000000800dbb0       0x50 build/obj/chdynamic.o
                0x000000000800dbb0                chThdRelease
 .text.chRegFirstThread
                0x000000000800dc00       0x1c build/obj/chregistry.o
                0x000000000800dc00                chRegFirstThread
 *fill*         0x000000000800dc1c        0x4 
 .text.chRegNextThread
                0x000000000800dc20       0x2c build/obj/chregistry.o
                0x000000000800dc20                chRegNextThread
 *fill*         0x000000000800dc4c        0x4 
 .text.chMtxObjectInit
                0x000000000800dc50        0xc build/obj/chmtx.o
                0x000000000800dc50                chMtxObjectInit
 *fill*         0x000000000800dc5c        0x4 
 .text.chMtxLockS
                0x000000000800dc60       0xc8 build/obj/chmtx.o
                0x000000000800dc60                chMtxLockS
 *fill*         0x000000000800dd28        0x8 
 .text.chMtxLock
                0x000000000800dd30       0x14 build/obj/chmtx.o
                0x000000000800dd30                chMtxLock
 *fill*         0x000000000800dd44        0xc 
 .text.chMtxUnlock
                0x000000000800dd50       0x64 build/obj/chmtx.o
                0x000000000800dd50                chMtxUnlock
 *fill*         0x000000000800ddb4        0xc 
 .text.chEvtRegisterMaskWithFlags
                0x000000000800ddc0       0x28 build/obj/chevents.o
                0x000000000800ddc0                chEvtRegisterMaskWithFlags
 *fill*         0x000000000800dde8        0x8 
 .text.chEvtUnregister
                0x000000000800ddf0       0x2c build/obj/chevents.o
                0x000000000800ddf0                chEvtUnregister
 *fill*         0x000000000800de1c        0x4 
 .text.chEvtSignalI
                0x000000000800de20       0x28 build/obj/chevents.o
                0x000000000800de20                chEvtSignalI
 *fill*         0x000000000800de48        0x8 
 .text.chEvtBroadcastFlagsI
                0x000000000800de50       0x2c build/obj/chevents.o
                0x000000000800de50                chEvtBroadcastFlagsI
 *fill*         0x000000000800de7c        0x4 
 .text.chEvtSignal
                0x000000000800de80       0x18 build/obj/chevents.o
                0x000000000800de80                chEvtSignal
 *fill*         0x000000000800de98        0x8 
 .text.chEvtWaitAny
                0x000000000800dea0       0x38 build/obj/chevents.o
                0x000000000800dea0                chEvtWaitAny
 *fill*         0x000000000800ded8        0x8 
 .text.chEvtWaitAnyTimeout
                0x000000000800dee0       0x48 build/obj/chevents.o
                0x000000000800dee0                chEvtWaitAnyTimeout
 *fill*         0x000000000800df28        0x8 
 .text.chIQObjectInit
                0x000000000800df30       0x20 build/obj/chqueues.o
                0x000000000800df30                chIQObjectInit
 .text.chIQResetI
                0x000000000800df50       0x14 build/obj/chqueues.o
                0x000000000800df50                chIQResetI
 *fill*         0x000000000800df64        0xc 
 .text.chIQGetTimeout
                0x000000000800df70       0x50 build/obj/chqueues.o
                0x000000000800df70                chIQGetTimeout
 .text.chIQReadTimeout
                0x000000000800dfc0       0x78 build/obj/chqueues.o
                0x000000000800dfc0                chIQReadTimeout
 *fill*         0x000000000800e038        0x8 
 .text.chOQObjectInit
                0x000000000800e040       0x1c build/obj/chqueues.o
                0x000000000800e040                chOQObjectInit
 *fill*         0x000000000800e05c        0x4 
 .text.chOQResetI
                0x000000000800e060       0x1c build/obj/chqueues.o
                0x000000000800e060                chOQResetI
 *fill*         0x000000000800e07c        0x4 
 .text.chOQPutTimeout
                0x000000000800e080       0x54 build/obj/chqueues.o
                0x000000000800e080                chOQPutTimeout
 *fill*         0x000000000800e0d4        0xc 
 .text.chOQWriteTimeout
                0x000000000800e0e0       0x88 build/obj/chqueues.o
                0x000000000800e0e0                chOQWriteTimeout
 *fill*         0x000000000800e168        0x8 
 .text._core_init
                0x000000000800e170       0x28 build/obj/chmemcore.o
                0x000000000800e170                _core_init
 *fill*         0x000000000800e198        0x8 
 .text.chCoreAlloc
                0x000000000800e1a0       0x38 build/obj/chmemcore.o
                0x000000000800e1a0                chCoreAlloc
 *fill*         0x000000000800e1d8        0x8 
 .text.chCoreGetStatusX
                0x000000000800e1e0       0x14 build/obj/chmemcore.o
                0x000000000800e1e0                chCoreGetStatusX
 *fill*         0x000000000800e1f4        0xc 
 .text._heap_init
                0x000000000800e200       0x1c build/obj/chheap.o
                0x000000000800e200                _heap_init
 *fill*         0x000000000800e21c        0x4 
 .text.chHeapFree
                0x000000000800e220       0x8c build/obj/chheap.o
                0x000000000800e220                chHeapFree
 *fill*         0x000000000800e2ac        0x4 
 .text.chHeapStatus
                0x000000000800e2b0       0x44 build/obj/chheap.o
                0x000000000800e2b0                chHeapStatus
 *fill*         0x000000000800e2f4        0xc 
 .text.chPoolFree
                0x000000000800e300       0x14 build/obj/chmempools.o
                0x000000000800e300                chPoolFree
 *fill*         0x000000000800e314        0xc 
 .text.SVC_Handler
                0x000000000800e320       0x2c build/obj/chcore_v7m.o
                0x000000000800e320                SVC_Handler
 *fill*         0x000000000800e34c        0x4 
 .text._port_irq_epilogue
                0x000000000800e350       0x60 build/obj/chcore_v7m.o
                0x000000000800e350                _port_irq_epilogue
 .text.halInit  0x000000000800e3b0       0x38 build/obj/hal.o
                0x000000000800e3b0                halInit
 *fill*         0x000000000800e3e8        0x8 
 .text.stInit   0x000000000800e3f0        0x4 build/obj/st.o
                0x000000000800e3f0                stInit
 *fill*         0x000000000800e3f4        0xc 
 .text.canInit  0x000000000800e400        0x4 build/obj/can.o
                0x000000000800e400                canInit
 *fill*         0x000000000800e404        0xc 
 .text.canObjectInit
                0x000000000800e410       0x3c build/obj/can.o
                0x000000000800e410                canObjectInit
 *fill*         0x000000000800e44c        0x4 
 .text.canStart
                0x000000000800e450       0x20 build/obj/can.o
                0x000000000800e450                canStart
 .text.canTransmit
                0x000000000800e470       0x50 build/obj/can.o
                0x000000000800e470                canTransmit
 .text.canReceive
                0x000000000800e4c0       0x50 build/obj/can.o
                0x000000000800e4c0                canReceive
 .text.i2cInit  0x000000000800e510        0x4 build/obj/i2c.o
                0x000000000800e510                i2cInit
 *fill*         0x000000000800e514        0xc 
 .text.i2cObjectInit
                0x000000000800e520       0x10 build/obj/i2c.o
                0x000000000800e520                i2cObjectInit
 .text.i2cStart
                0x000000000800e530       0x1c build/obj/i2c.o
                0x000000000800e530                i2cStart
 *fill*         0x000000000800e54c        0x4 
 .text.i2cStop  0x000000000800e550       0x1c build/obj/i2c.o
                0x000000000800e550                i2cStop
 *fill*         0x000000000800e56c        0x4 
 .text.i2cMasterTransmitTimeout
                0x000000000800e570       0x40 build/obj/i2c.o
                0x000000000800e570                i2cMasterTransmitTimeout
 .text.i2cMasterReceiveTimeout
                0x000000000800e5b0       0x30 build/obj/i2c.o
                0x000000000800e5b0                i2cMasterReceiveTimeout
 .text.i2cAcquireBus
                0x000000000800e5e0        0x8 build/obj/i2c.o
                0x000000000800e5e0                i2cAcquireBus
 *fill*         0x000000000800e5e8        0x8 
 .text.i2cReleaseBus
                0x000000000800e5f0        0x8 build/obj/i2c.o
                0x000000000800e5f0                i2cReleaseBus
 *fill*         0x000000000800e5f8        0x8 
 .text.icuInit  0x000000000800e600        0x4 build/obj/icu.o
                0x000000000800e600                icuInit
 *fill*         0x000000000800e604        0xc 
 .text.icuObjectInit
                0x000000000800e610        0xc build/obj/icu.o
                0x000000000800e610                icuObjectInit
 *fill*         0x000000000800e61c        0x4 
 .text.icuStart
                0x000000000800e620       0x1c build/obj/icu.o
                0x000000000800e620                icuStart
 *fill*         0x000000000800e63c        0x4 
 .text.icuStop  0x000000000800e640       0x1c build/obj/icu.o
                0x000000000800e640                icuStop
 *fill*         0x000000000800e65c        0x4 
 .text.icuStartCapture
                0x000000000800e660       0x1c build/obj/icu.o
                0x000000000800e660                icuStartCapture
 *fill*         0x000000000800e67c        0x4 
 .text.icuEnableNotifications
                0x000000000800e680       0x14 build/obj/icu.o
                0x000000000800e680                icuEnableNotifications
 *fill*         0x000000000800e694        0xc 
 .text.onotify  0x000000000800e6a0       0x5c build/obj/serial_usb.o
 *fill*         0x000000000800e6fc        0x4 
 .text.inotify  0x000000000800e700       0x6c build/obj/serial_usb.o
 *fill*         0x000000000800e76c        0x4 
 .text.readt    0x000000000800e770        0x8 build/obj/serial_usb.o
 *fill*         0x000000000800e778        0x8 
 .text.read     0x000000000800e780        0xc build/obj/serial_usb.o
 *fill*         0x000000000800e78c        0x4 
 .text.writet   0x000000000800e790        0x8 build/obj/serial_usb.o
 *fill*         0x000000000800e798        0x8 
 .text.write    0x000000000800e7a0        0xc build/obj/serial_usb.o
 *fill*         0x000000000800e7ac        0x4 
 .text.gett     0x000000000800e7b0        0x8 build/obj/serial_usb.o
 *fill*         0x000000000800e7b8        0x8 
 .text.get      0x000000000800e7c0        0xc build/obj/serial_usb.o
 *fill*         0x000000000800e7cc        0x4 
 .text.putt     0x000000000800e7d0        0x8 build/obj/serial_usb.o
 *fill*         0x000000000800e7d8        0x8 
 .text.put      0x000000000800e7e0        0xc build/obj/serial_usb.o
 *fill*         0x000000000800e7ec        0x4 
 .text.sduInit  0x000000000800e7f0        0x4 build/obj/serial_usb.o
                0x000000000800e7f0                sduInit
 *fill*         0x000000000800e7f4        0xc 
 .text.sduObjectInit
                0x000000000800e800       0x4c build/obj/serial_usb.o
                0x000000000800e800                sduObjectInit
 *fill*         0x000000000800e84c        0x4 
 .text.sduStart
                0x000000000800e850       0x34 build/obj/serial_usb.o
                0x000000000800e850                sduStart
 *fill*         0x000000000800e884        0xc 
 .text.sduConfigureHookI
                0x000000000800e890       0x4c build/obj/serial_usb.o
                0x000000000800e890                sduConfigureHookI
 *fill*         0x000000000800e8dc        0x4 
 .text.sduRequestsHook
                0x000000000800e8e0       0x40 build/obj/serial_usb.o
                0x000000000800e8e0                sduRequestsHook
 .text.sduDataTransmitted
                0x000000000800e920       0x6c build/obj/serial_usb.o
                0x000000000800e920                sduDataTransmitted
 *fill*         0x000000000800e98c        0x4 
 .text.sduDataReceived
                0x000000000800e990       0x6c build/obj/serial_usb.o
                0x000000000800e990                sduDataReceived
 *fill*         0x000000000800e9fc        0x4 
 .text.sduInterruptTransmitted
                0x000000000800ea00        0x4 build/obj/serial_usb.o
                0x000000000800ea00                sduInterruptTransmitted
 *fill*         0x000000000800ea04        0xc 
 .text.spiInit  0x000000000800ea10        0x4 build/obj/spi.o
                0x000000000800ea10                spiInit
 *fill*         0x000000000800ea14        0xc 
 .text.spiObjectInit
                0x000000000800ea20       0x10 build/obj/spi.o
                0x000000000800ea20                spiObjectInit
 .text.uartInit
                0x000000000800ea30        0x4 build/obj/uart.o
                0x000000000800ea30                uartInit
 *fill*         0x000000000800ea34        0xc 
 .text.uartObjectInit
                0x000000000800ea40       0x10 build/obj/uart.o
                0x000000000800ea40                uartObjectInit
 .text.uartStart
                0x000000000800ea50       0x1c build/obj/uart.o
                0x000000000800ea50                uartStart
 *fill*         0x000000000800ea6c        0x4 
 .text.uartStop
                0x000000000800ea70       0x20 build/obj/uart.o
                0x000000000800ea70                uartStop
 .text.uartStartSend
                0x000000000800ea90       0x1c build/obj/uart.o
                0x000000000800ea90                uartStartSend
 *fill*         0x000000000800eaac        0x4 
 .text.usbInit  0x000000000800eab0        0x4 build/obj/usb.o
                0x000000000800eab0                usbInit
 *fill*         0x000000000800eab4        0xc 
 .text.usbObjectInit
                0x000000000800eac0       0x1c build/obj/usb.o
                0x000000000800eac0                usbObjectInit
 *fill*         0x000000000800eadc        0x4 
 .text.usbStart
                0x000000000800eae0       0x24 build/obj/usb.o
                0x000000000800eae0                usbStart
 *fill*         0x000000000800eb04        0xc 
 .text.usbStop  0x000000000800eb10       0x1c build/obj/usb.o
                0x000000000800eb10                usbStop
 *fill*         0x000000000800eb2c        0x4 
 .text.usbInitEndpointI
                0x000000000800eb30       0x30 build/obj/usb.o
                0x000000000800eb30                usbInitEndpointI
 .text.usbPrepareQueuedReceive
                0x000000000800eb60       0x1c build/obj/usb.o
                0x000000000800eb60                usbPrepareQueuedReceive
 *fill*         0x000000000800eb7c        0x4 
 .text.usbPrepareQueuedTransmit
                0x000000000800eb80       0x1c build/obj/usb.o
                0x000000000800eb80                usbPrepareQueuedTransmit
 *fill*         0x000000000800eb9c        0x4 
 .text.usbStartReceiveI
                0x000000000800eba0       0x24 build/obj/usb.o
                0x000000000800eba0                usbStartReceiveI
 *fill*         0x000000000800ebc4        0xc 
 .text.usbStartTransmitI
                0x000000000800ebd0       0x24 build/obj/usb.o
                0x000000000800ebd0                usbStartTransmitI
 *fill*         0x000000000800ebf4        0xc 
 .text._usb_reset
                0x000000000800ec00       0x28 build/obj/usb.o
                0x000000000800ec00                _usb_reset
 *fill*         0x000000000800ec28        0x8 
 .text._usb_ep0setup
                0x000000000800ec30      0x33c build/obj/usb.o
                0x000000000800ec30                _usb_ep0setup
 *fill*         0x000000000800ef6c        0x4 
 .text._usb_ep0in
                0x000000000800ef70       0xe4 build/obj/usb.o
                0x000000000800ef70                _usb_ep0in
 *fill*         0x000000000800f054        0xc 
 .text._usb_ep0out
                0x000000000800f060       0x9c build/obj/usb.o
                0x000000000800f060                _usb_ep0out
 *fill*         0x000000000800f0fc        0x4 
 .text.nvicEnableVector
                0x000000000800f100       0x34 build/obj/nvic.o
                0x000000000800f100                nvicEnableVector
 *fill*         0x000000000800f134        0xc 
 .text.nvicDisableVector
                0x000000000800f140       0x28 build/obj/nvic.o
                0x000000000800f140                nvicDisableVector
 *fill*         0x000000000800f168        0x8 
 .text.nvicSetSystemHandlerPriority
                0x000000000800f170       0x10 build/obj/nvic.o
                0x000000000800f170                nvicSetSystemHandlerPriority
 .text.Vector6C
                0x000000000800f180       0x28 build/obj/stm32_dma.o
                0x000000000800f180                Vector6C
 *fill*         0x000000000800f1a8        0x8 
 .text.Vector70
                0x000000000800f1b0       0x2c build/obj/stm32_dma.o
                0x000000000800f1b0                Vector70
 *fill*         0x000000000800f1dc        0x4 
 .text.Vector74
                0x000000000800f1e0       0x2c build/obj/stm32_dma.o
                0x000000000800f1e0                Vector74
 *fill*         0x000000000800f20c        0x4 
 .text.Vector78
                0x000000000800f210       0x2c build/obj/stm32_dma.o
                0x000000000800f210                Vector78
 *fill*         0x000000000800f23c        0x4 
 .text.Vector7C
                0x000000000800f240       0x28 build/obj/stm32_dma.o
                0x000000000800f240                Vector7C
 *fill*         0x000000000800f268        0x8 
 .text.Vector80
                0x000000000800f270       0x2c build/obj/stm32_dma.o
                0x000000000800f270                Vector80
 *fill*         0x000000000800f29c        0x4 
 .text.Vector84
                0x000000000800f2a0       0x2c build/obj/stm32_dma.o
                0x000000000800f2a0                Vector84
 *fill*         0x000000000800f2cc        0x4 
 .text.VectorFC
                0x000000000800f2d0       0x2c build/obj/stm32_dma.o
                0x000000000800f2d0                VectorFC
 *fill*         0x000000000800f2fc        0x4 
 .text.Vector120
                0x000000000800f300       0x28 build/obj/stm32_dma.o
                0x000000000800f300                Vector120
 *fill*         0x000000000800f328        0x8 
 .text.Vector124
                0x000000000800f330       0x2c build/obj/stm32_dma.o
                0x000000000800f330                Vector124
 *fill*         0x000000000800f35c        0x4 
 .text.Vector128
                0x000000000800f360       0x2c build/obj/stm32_dma.o
                0x000000000800f360                Vector128
 *fill*         0x000000000800f38c        0x4 
 .text.Vector12C
                0x000000000800f390       0x2c build/obj/stm32_dma.o
                0x000000000800f390                Vector12C
 *fill*         0x000000000800f3bc        0x4 
 .text.Vector130
                0x000000000800f3c0       0x28 build/obj/stm32_dma.o
                0x000000000800f3c0                Vector130
 *fill*         0x000000000800f3e8        0x8 
 .text.Vector150
                0x000000000800f3f0       0x2c build/obj/stm32_dma.o
                0x000000000800f3f0                Vector150
 *fill*         0x000000000800f41c        0x4 
 .text.Vector154
                0x000000000800f420       0x2c build/obj/stm32_dma.o
                0x000000000800f420                Vector154
 *fill*         0x000000000800f44c        0x4 
 .text.Vector158
                0x000000000800f450       0x2c build/obj/stm32_dma.o
                0x000000000800f450                Vector158
 *fill*         0x000000000800f47c        0x4 
 .text.dmaInit  0x000000000800f480       0x54 build/obj/stm32_dma.o
                0x000000000800f480                dmaInit
 *fill*         0x000000000800f4d4        0xc 
 .text.dmaStreamAllocate
                0x000000000800f4e0       0x90 build/obj/stm32_dma.o
                0x000000000800f4e0                dmaStreamAllocate
 .text.dmaStreamRelease
                0x000000000800f570       0x44 build/obj/stm32_dma.o
                0x000000000800f570                dmaStreamRelease
 *fill*         0x000000000800f5b4        0xc 
 .text.hal_lld_init
                0x000000000800f5c0       0x68 build/obj/hal_lld.o
                0x000000000800f5c0                hal_lld_init
 *fill*         0x000000000800f628        0x8 
 .text.stm32_clock_init
                0x000000000800f630       0xc0 build/obj/hal_lld.o
                0x000000000800f630                stm32_clock_init
 .text.SysTick_Handler
                0x000000000800f6f0       0x1c build/obj/st_lld.o
                0x000000000800f6f0                SysTick_Handler
 *fill*         0x000000000800f70c        0x4 
 .text.st_lld_init
                0x000000000800f710       0x1c build/obj/st_lld.o
                0x000000000800f710                st_lld_init
 *fill*         0x000000000800f72c        0x4 
 .text.can_lld_set_filters
                0x000000000800f730      0x118 build/obj/can_lld.o
 *fill*         0x000000000800f848        0x8 
 .text.Vector8C
                0x000000000800f850       0x3c build/obj/can_lld.o
                0x000000000800f850                Vector8C
 *fill*         0x000000000800f88c        0x4 
 .text.Vector90
                0x000000000800f890       0x64 build/obj/can_lld.o
                0x000000000800f890                Vector90
 *fill*         0x000000000800f8f4        0xc 
 .text.Vector94
                0x000000000800f900       0x64 build/obj/can_lld.o
                0x000000000800f900                Vector94
 *fill*         0x000000000800f964        0xc 
 .text.Vector98
                0x000000000800f970       0x78 build/obj/can_lld.o
                0x000000000800f970                Vector98
 *fill*         0x000000000800f9e8        0x8 
 .text.can_lld_init
                0x000000000800f9f0       0x24 build/obj/can_lld.o
                0x000000000800f9f0                can_lld_init
 *fill*         0x000000000800fa14        0xc 
 .text.can_lld_start
                0x000000000800fa20       0x70 build/obj/can_lld.o
                0x000000000800fa20                can_lld_start
 .text.can_lld_is_tx_empty
                0x000000000800fa90       0x40 build/obj/can_lld.o
                0x000000000800fa90                can_lld_is_tx_empty
 .text.can_lld_transmit
                0x000000000800fad0       0x7c build/obj/can_lld.o
                0x000000000800fad0                can_lld_transmit
 *fill*         0x000000000800fb4c        0x4 
 .text.can_lld_is_rx_nonempty
                0x000000000800fb50       0x38 build/obj/can_lld.o
                0x000000000800fb50                can_lld_is_rx_nonempty
 *fill*         0x000000000800fb88        0x8 
 .text.can_lld_receive
                0x000000000800fb90       0xb8 build/obj/can_lld.o
                0x000000000800fb90                can_lld_receive
 *fill*         0x000000000800fc48        0x8 
 .text._pal_lld_init
                0x000000000800fc50      0x1ac build/obj/pal_lld.o
                0x000000000800fc50                _pal_lld_init
 *fill*         0x000000000800fdfc        0x4 
 .text._pal_lld_setgroupmode
                0x000000000800fe00       0xb8 build/obj/pal_lld.o
                0x000000000800fe00                _pal_lld_setgroupmode
 *fill*         0x000000000800feb8        0x8 
 .text.i2c_lld_serve_tx_end_irq
                0x000000000800fec0       0x40 build/obj/i2c_lld.o
 .text.i2c_lld_serve_rx_end_irq
                0x000000000800ff00       0x64 build/obj/i2c_lld.o
 *fill*         0x000000000800ff64        0xc 
 .text.VectorC4
                0x000000000800ff70       0xf8 build/obj/i2c_lld.o
                0x000000000800ff70                VectorC4
 *fill*         0x0000000008010068        0x8 
 .text.VectorC8
                0x0000000008010070       0xd8 build/obj/i2c_lld.o
                0x0000000008010070                VectorC8
 *fill*         0x0000000008010148        0x8 
 .text.i2c_lld_init
                0x0000000008010150       0x2c build/obj/i2c_lld.o
                0x0000000008010150                i2c_lld_init
 *fill*         0x000000000801017c        0x4 
 .text.i2c_lld_start
                0x0000000008010180      0x164 build/obj/i2c_lld.o
                0x0000000008010180                i2c_lld_start
 *fill*         0x00000000080102e4        0xc 
 .text.i2c_lld_stop
                0x00000000080102f0       0x88 build/obj/i2c_lld.o
                0x00000000080102f0                i2c_lld_stop
 *fill*         0x0000000008010378        0x8 
 .text.i2c_lld_master_receive_timeout
                0x0000000008010380       0x74 build/obj/i2c_lld.o
                0x0000000008010380                i2c_lld_master_receive_timeout
 *fill*         0x00000000080103f4        0xc 
 .text.i2c_lld_master_transmit_timeout
                0x0000000008010400       0x8c build/obj/i2c_lld.o
                0x0000000008010400                i2c_lld_master_transmit_timeout
 *fill*         0x000000000801048c        0x4 
 .text.usb_lld_pump
                0x0000000008010490      0x390 build/obj/usb_lld.o
                0x0000000008010490                usb_lld_pump
 .text.otg_disable_ep.isra.0
                0x0000000008010820       0x74 build/obj/usb_lld.o
 *fill*         0x0000000008010894        0xc 
 .text.usb_lld_init
                0x00000000080108a0       0x24 build/obj/usb_lld.o
                0x00000000080108a0                usb_lld_init
 *fill*         0x00000000080108c4        0xc 
 .text.usb_lld_start
                0x00000000080108d0       0xe4 build/obj/usb_lld.o
                0x00000000080108d0                usb_lld_start
 *fill*         0x00000000080109b4        0xc 
 .text.usb_lld_stop
                0x00000000080109c0       0x44 build/obj/usb_lld.o
                0x00000000080109c0                usb_lld_stop
 *fill*         0x0000000008010a04        0xc 
 .text.usb_lld_reset
                0x0000000008010a10       0xc4 build/obj/usb_lld.o
                0x0000000008010a10                usb_lld_reset
 *fill*         0x0000000008010ad4        0xc 
 .text.usb_lld_set_address
                0x0000000008010ae0       0x18 build/obj/usb_lld.o
                0x0000000008010ae0                usb_lld_set_address
 *fill*         0x0000000008010af8        0x8 
 .text.usb_lld_init_endpoint
                0x0000000008010b00      0x164 build/obj/usb_lld.o
                0x0000000008010b00                usb_lld_init_endpoint
 *fill*         0x0000000008010c64        0xc 
 .text.usb_lld_get_status_out
                0x0000000008010c70       0x1c build/obj/usb_lld.o
                0x0000000008010c70                usb_lld_get_status_out
 *fill*         0x0000000008010c8c        0x4 
 .text.usb_lld_get_status_in
                0x0000000008010c90       0x1c build/obj/usb_lld.o
                0x0000000008010c90                usb_lld_get_status_in
 *fill*         0x0000000008010cac        0x4 
 .text.usb_lld_read_setup
                0x0000000008010cb0       0x14 build/obj/usb_lld.o
                0x0000000008010cb0                usb_lld_read_setup
 *fill*         0x0000000008010cc4        0xc 
 .text.usb_lld_prepare_receive
                0x0000000008010cd0       0x40 build/obj/usb_lld.o
                0x0000000008010cd0                usb_lld_prepare_receive
 .text.otg_epout_handler.constprop.7
                0x0000000008010d10       0xa0 build/obj/usb_lld.o
 .text.usb_lld_prepare_transmit
                0x0000000008010db0       0x50 build/obj/usb_lld.o
                0x0000000008010db0                usb_lld_prepare_transmit
 .text.otg_epin_handler.constprop.8
                0x0000000008010e00       0xd4 build/obj/usb_lld.o
 *fill*         0x0000000008010ed4        0xc 
 .text.Vector14C
                0x0000000008010ee0       0xf4 build/obj/usb_lld.o
                0x0000000008010ee0                Vector14C
 *fill*         0x0000000008010fd4        0xc 
 .text.usb_lld_start_out
                0x0000000008010fe0       0x14 build/obj/usb_lld.o
                0x0000000008010fe0                usb_lld_start_out
 *fill*         0x0000000008010ff4        0xc 
 .text.usb_lld_start_in
                0x0000000008011000       0x2c build/obj/usb_lld.o
                0x0000000008011000                usb_lld_start_in
 *fill*         0x000000000801102c        0x4 
 .text.usb_lld_stall_out
                0x0000000008011030       0x14 build/obj/usb_lld.o
                0x0000000008011030                usb_lld_stall_out
 *fill*         0x0000000008011044        0xc 
 .text.usb_lld_stall_in
                0x0000000008011050       0x14 build/obj/usb_lld.o
                0x0000000008011050                usb_lld_stall_in
 *fill*         0x0000000008011064        0xc 
 .text.usb_lld_clear_out
                0x0000000008011070       0x14 build/obj/usb_lld.o
                0x0000000008011070                usb_lld_clear_out
 *fill*         0x0000000008011084        0xc 
 .text.usb_lld_clear_in
                0x0000000008011090       0x14 build/obj/usb_lld.o
                0x0000000008011090                usb_lld_clear_in
 *fill*         0x00000000080110a4        0xc 
 .text.spi_lld_init
                0x00000000080110b0       0x44 build/obj/spi_lld.o
                0x00000000080110b0                spi_lld_init
 *fill*         0x00000000080110f4        0xc 
 .text.VectorB4
                0x0000000008011100       0x98 build/obj/icu_lld.o
                0x0000000008011100                VectorB4
 *fill*         0x0000000008011198        0x8 
 .text.icu_lld_init
                0x00000000080111a0       0x18 build/obj/icu_lld.o
                0x00000000080111a0                icu_lld_init
 *fill*         0x00000000080111b8        0x8 
 .text.icu_lld_start
                0x00000000080111c0       0xbc build/obj/icu_lld.o
                0x00000000080111c0                icu_lld_start
 *fill*         0x000000000801127c        0x4 
 .text.icu_lld_stop
                0x0000000008011280       0x34 build/obj/icu_lld.o
                0x0000000008011280                icu_lld_stop
 *fill*         0x00000000080112b4        0xc 
 .text.icu_lld_start_capture
                0x00000000080112c0       0x14 build/obj/icu_lld.o
                0x00000000080112c0                icu_lld_start_capture
 *fill*         0x00000000080112d4        0xc 
 .text.icu_lld_enable_notifications
                0x00000000080112e0       0x40 build/obj/icu_lld.o
                0x00000000080112e0                icu_lld_enable_notifications
 .text.usart_stop
                0x0000000008011320       0x48 build/obj/uart_lld.o
 *fill*         0x0000000008011368        0x8 
 .text.serve_usart_irq
                0x0000000008011370       0x78 build/obj/uart_lld.o
 *fill*         0x00000000080113e8        0x8 
 .text.uart_lld_serve_tx_end_irq
                0x00000000080113f0       0x50 build/obj/uart_lld.o
 .text.uart_lld_serve_rx_end_irq
                0x0000000008011440       0x90 build/obj/uart_lld.o
 .text.VectorDC
                0x00000000080114d0       0x14 build/obj/uart_lld.o
                0x00000000080114d0                VectorDC
 *fill*         0x00000000080114e4        0xc 
 .text.Vector15C
                0x00000000080114f0       0x14 build/obj/uart_lld.o
                0x00000000080114f0                Vector15C
 *fill*         0x0000000008011504        0xc 
 .text.uart_lld_init
                0x0000000008011510       0x48 build/obj/uart_lld.o
                0x0000000008011510                uart_lld_init
 *fill*         0x0000000008011558        0x8 
 .text.uart_lld_start
                0x0000000008011560      0x158 build/obj/uart_lld.o
                0x0000000008011560                uart_lld_start
 *fill*         0x00000000080116b8        0x8 
 .text.uart_lld_stop
                0x00000000080116c0       0x5c build/obj/uart_lld.o
                0x00000000080116c0                uart_lld_stop
 *fill*         0x000000000801171c        0x4 
 .text.uart_lld_start_send
                0x0000000008011720       0x34 build/obj/uart_lld.o
                0x0000000008011720                uart_lld_start_send
 *fill*         0x0000000008011754        0xc 
 .text._sbrk_r  0x0000000008011760       0x18 build/obj/syscalls.o
                0x0000000008011760                _sbrk_r
 *fill*         0x0000000008011778        0x8 
 .text.__early_init
                0x0000000008011780        0x4 build/obj/board.o
                0x0000000008011780                __early_init
 *fill*         0x0000000008011784        0xc 
 .text.boardInit
                0x0000000008011790        0x4 build/obj/board.o
                0x0000000008011790                boardInit
 *fill*         0x0000000008011794        0xc 
 .text.timer_thread
                0x00000000080117a0       0x20 build/obj/main.o
 .text.periodic_thread
                0x00000000080117c0      0x130 build/obj/main.o
 .text.startup.main
                0x00000000080118f0       0xa0 build/obj/main.o
                0x00000000080118f0                main
 .text.get_descriptor
                0x0000000008011990       0x30 build/obj/comm_usb_serial.o
 .text.usb_event
                0x00000000080119c0       0x40 build/obj/comm_usb_serial.o
 .text.comm_usb_serial_init
                0x0000000008011a00       0x6c build/obj/comm_usb_serial.o
                0x0000000008011a00                comm_usb_serial_init
 *fill*         0x0000000008011a6c        0x4 
 .text.Vector88
                0x0000000008011a70       0x1c build/obj/irq_handlers.o
                0x0000000008011a70                Vector88
 *fill*         0x0000000008011a8c        0x4 
 .text.VectorE0
                0x0000000008011a90       0x20 build/obj/irq_handlers.o
                0x0000000008011a90                VectorE0
 .text.VectorB8
                0x0000000008011ab0       0x24 build/obj/irq_handlers.o
                0x0000000008011ab0                VectorB8
 *fill*         0x0000000008011ad4        0xc 
 .text.VectorF8
                0x0000000008011ae0       0x24 build/obj/irq_handlers.o
                0x0000000008011ae0                VectorF8
 *fill*         0x0000000008011b04        0xc 
 .text.buffer_append_int16
                0x0000000008011b10       0x18 build/obj/buffer.o
                0x0000000008011b10                buffer_append_int16
 *fill*         0x0000000008011b28        0x8 
 .text.buffer_append_uint16
                0x0000000008011b30       0x18 build/obj/buffer.o
                0x0000000008011b30                buffer_append_uint16
 *fill*         0x0000000008011b48        0x8 
 .text.buffer_append_int32
                0x0000000008011b50       0x2c build/obj/buffer.o
                0x0000000008011b50                buffer_append_int32
 *fill*         0x0000000008011b7c        0x4 
 .text.buffer_append_uint32
                0x0000000008011b80       0x2c build/obj/buffer.o
                0x0000000008011b80                buffer_append_uint32
 *fill*         0x0000000008011bac        0x4 
 .text.buffer_append_float16
                0x0000000008011bb0       0x2c build/obj/buffer.o
                0x0000000008011bb0                buffer_append_float16
 *fill*         0x0000000008011bdc        0x4 
 .text.buffer_append_float32
                0x0000000008011be0       0x14 build/obj/buffer.o
                0x0000000008011be0                buffer_append_float32
 *fill*         0x0000000008011bf4        0xc 
 .text.buffer_append_float32_auto
                0x0000000008011c00       0x78 build/obj/buffer.o
                0x0000000008011c00                buffer_append_float32_auto
 *fill*         0x0000000008011c78        0x8 
 .text.buffer_get_int16
                0x0000000008011c80       0x1c build/obj/buffer.o
                0x0000000008011c80                buffer_get_int16
 *fill*         0x0000000008011c9c        0x4 
 .text.buffer_get_uint16
                0x0000000008011ca0       0x14 build/obj/buffer.o
                0x0000000008011ca0                buffer_get_uint16
 *fill*         0x0000000008011cb4        0xc 
 .text.buffer_get_int32
                0x0000000008011cc0       0x24 build/obj/buffer.o
                0x0000000008011cc0                buffer_get_int32
 *fill*         0x0000000008011ce4        0xc 
 .text.buffer_get_uint32
                0x0000000008011cf0       0x24 build/obj/buffer.o
                0x0000000008011cf0                buffer_get_uint32
 *fill*         0x0000000008011d14        0xc 
 .text.buffer_get_float32
                0x0000000008011d20       0x14 build/obj/buffer.o
                0x0000000008011d20                buffer_get_float32
 *fill*         0x0000000008011d34        0xc 
 .text.buffer_get_float32_auto
                0x0000000008011d40       0x48 build/obj/buffer.o
                0x0000000008011d40                buffer_get_float32_auto
 *fill*         0x0000000008011d88        0x8 
 .text.send_packet
                0x0000000008011d90       0x1c build/obj/comm_usb.o
 *fill*         0x0000000008011dac        0x4 
 .text.serial_process_thread
                0x0000000008011db0       0x5c build/obj/comm_usb.o
 *fill*         0x0000000008011e0c        0x4 
 .text.serial_read_thread
                0x0000000008011e10       0x78 build/obj/comm_usb.o
 *fill*         0x0000000008011e88        0x8 
 .text.process_packet
                0x0000000008011e90       0x1c build/obj/comm_usb.o
 *fill*         0x0000000008011eac        0x4 
 .text.send_packet_wrapper
                0x0000000008011eb0       0x28 build/obj/comm_usb.o
 *fill*         0x0000000008011ed8        0x8 
 .text.comm_usb_init
                0x0000000008011ee0       0x5c build/obj/comm_usb.o
                0x0000000008011ee0                comm_usb_init
 *fill*         0x0000000008011f3c        0x4 
 .text.crc16    0x0000000008011f40       0x30 build/obj/crc.o
                0x0000000008011f40                crc16
 .text.filter_fft
                0x0000000008011f70      0x1f4 build/obj/digital_filter.o
                0x0000000008011f70                filter_fft
 *fill*         0x0000000008012164        0xc 
 .text.filter_hamming
                0x0000000008012170       0xd4 build/obj/digital_filter.o
                0x0000000008012170                filter_hamming
 *fill*         0x0000000008012244        0xc 
 .text.filter_create_fir_lowpass
                0x0000000008012250       0xc0 build/obj/digital_filter.o
                0x0000000008012250                filter_create_fir_lowpass
 .text.filter_run_fir_iteration
                0x0000000008012310       0x48 build/obj/digital_filter.o
                0x0000000008012310                filter_run_fir_iteration
 *fill*         0x0000000008012358        0x8 
 .text.filter_add_sample
                0x0000000008012360       0x24 build/obj/digital_filter.o
                0x0000000008012360                filter_add_sample
 *fill*         0x0000000008012384        0xc 
 .text.ledpwm_init
                0x0000000008012390       0x60 build/obj/ledpwm.o
                0x0000000008012390                ledpwm_init
 .text.ledpwm_set_intensity
                0x00000000080123f0       0x50 build/obj/ledpwm.o
                0x00000000080123f0                ledpwm_set_intensity
 .text.ledpwm_update_pwm
                0x0000000008012440       0x40 build/obj/ledpwm.o
                0x0000000008012440                ledpwm_update_pwm
 .text.update_adc_sample_pos
                0x0000000008012480      0x1d8 build/obj/mcpwm.o
 *fill*         0x0000000008012658        0x8 
 .text.update_rpm_tacho
                0x0000000008012660       0x9c build/obj/mcpwm.o
 *fill*         0x00000000080126fc        0x4 
 .text.update_sensor_mode
                0x0000000008012700       0x4c build/obj/mcpwm.o
 *fill*         0x000000000801274c        0x4 
 .text.update_timer_attempt
                0x0000000008012750       0x78 build/obj/mcpwm.o
 *fill*         0x00000000080127c8        0x8 
 .text.set_next_timer_settings
                0x00000000080127d0       0x2c build/obj/mcpwm.o
 *fill*         0x00000000080127fc        0x4 
 .text.set_switching_frequency
                0x0000000008012800       0x54 build/obj/mcpwm.o
 *fill*         0x0000000008012854        0xc 
 .text.set_duty_cycle_hw
                0x0000000008012860      0x120 build/obj/mcpwm.o
 .text.set_next_comm_step
                0x0000000008012980      0x464 build/obj/mcpwm.o
 *fill*         0x0000000008012de4        0xc 
 .text.full_brake_hw
                0x0000000008012df0       0x80 build/obj/mcpwm.o
 .text.stop_pwm_hw
                0x0000000008012e70       0x80 build/obj/mcpwm.o
 .text.commutate
                0x0000000008012ef0       0xf0 build/obj/mcpwm.o
 .text.timer_thread
                0x0000000008012fe0      0x264 build/obj/mcpwm.o
 *fill*         0x0000000008013244        0xc 
 .text.mcpwm_deinit
                0x0000000008013250       0x80 build/obj/mcpwm.o
                0x0000000008013250                mcpwm_deinit
 .text.mcpwm_init_done
                0x00000000080132d0        0xc build/obj/mcpwm.o
                0x00000000080132d0                mcpwm_init_done
 *fill*         0x00000000080132dc        0x4 
 .text.mcpwm_init_hall_table
                0x00000000080132e0       0x48 build/obj/mcpwm.o
                0x00000000080132e0                mcpwm_init_hall_table
 *fill*         0x0000000008013328        0x8 
 .text.mcpwm_init
                0x0000000008013330      0x698 build/obj/mcpwm.o
                0x0000000008013330                mcpwm_init
 *fill*         0x00000000080139c8        0x8 
 .text.mcpwm_set_configuration
                0x00000000080139d0       0x50 build/obj/mcpwm.o
                0x00000000080139d0                mcpwm_set_configuration
 .text.mcpwm_set_pid_speed
                0x0000000008013a20       0x18 build/obj/mcpwm.o
                0x0000000008013a20                mcpwm_set_pid_speed
 *fill*         0x0000000008013a38        0x8 
 .text.mcpwm_set_brake_current
                0x0000000008013a40       0xdc build/obj/mcpwm.o
                0x0000000008013a40                mcpwm_set_brake_current
 *fill*         0x0000000008013b1c        0x4 
 .text.mcpwm_get_comm_step
                0x0000000008013b20        0xc build/obj/mcpwm.o
                0x0000000008013b20                mcpwm_get_comm_step
 *fill*         0x0000000008013b2c        0x4 
 .text.mcpwm_get_duty_cycle_now
                0x0000000008013b30        0xc build/obj/mcpwm.o
                0x0000000008013b30                mcpwm_get_duty_cycle_now
 *fill*         0x0000000008013b3c        0x4 
 .text.mcpwm_get_switching_frequency_now
                0x0000000008013b40        0xc build/obj/mcpwm.o
                0x0000000008013b40                mcpwm_get_switching_frequency_now
 *fill*         0x0000000008013b4c        0x4 
 .text.mcpwm_get_rpm
                0x0000000008013b50       0x24 build/obj/mcpwm.o
                0x0000000008013b50                mcpwm_get_rpm
 *fill*         0x0000000008013b74        0xc 
 .text.mcpwm_get_state
                0x0000000008013b80        0xc build/obj/mcpwm.o
                0x0000000008013b80                mcpwm_get_state
 *fill*         0x0000000008013b8c        0x4 
 .text.mcpwm_get_kv_filtered
                0x0000000008013b90       0x1c build/obj/mcpwm.o
                0x0000000008013b90                mcpwm_get_kv_filtered
 *fill*         0x0000000008013bac        0x4 
 .text.mcpwm_get_tot_current
                0x0000000008013bb0        0xc build/obj/mcpwm.o
                0x0000000008013bb0                mcpwm_get_tot_current
 *fill*         0x0000000008013bbc        0x4 
 .text.mcpwm_get_tot_current_filtered
                0x0000000008013bc0        0xc build/obj/mcpwm.o
                0x0000000008013bc0                mcpwm_get_tot_current_filtered
 *fill*         0x0000000008013bcc        0x4 
 .text.mcpwm_get_tot_current_directional
                0x0000000008013bd0       0x24 build/obj/mcpwm.o
                0x0000000008013bd0                mcpwm_get_tot_current_directional
 *fill*         0x0000000008013bf4        0xc 
 .text.mcpwm_get_tot_current_directional_filtered
                0x0000000008013c00       0x24 build/obj/mcpwm.o
                0x0000000008013c00                mcpwm_get_tot_current_directional_filtered
 *fill*         0x0000000008013c24        0xc 
 .text.mcpwm_get_tot_current_in_filtered
                0x0000000008013c30       0x20 build/obj/mcpwm.o
                0x0000000008013c30                mcpwm_get_tot_current_in_filtered
 .text.mcpwm_get_tachometer_value
                0x0000000008013c50       0x14 build/obj/mcpwm.o
                0x0000000008013c50                mcpwm_get_tachometer_value
 *fill*         0x0000000008013c64        0xc 
 .text.mcpwm_get_tachometer_abs_value
                0x0000000008013c70       0x14 build/obj/mcpwm.o
                0x0000000008013c70                mcpwm_get_tachometer_abs_value
 *fill*         0x0000000008013c84        0xc 
 .text.mcpwm_stop_pwm
                0x0000000008013c90       0x28 build/obj/mcpwm.o
                0x0000000008013c90                mcpwm_stop_pwm
 *fill*         0x0000000008013cb8        0x8 
 .text.mcpwm_adc_inj_int_handler
                0x0000000008013cc0      0x44c build/obj/mcpwm.o
                0x0000000008013cc0                mcpwm_adc_inj_int_handler
 *fill*         0x000000000801410c        0x4 
 .text.mcpwm_set_detect
                0x0000000008014110       0x60 build/obj/mcpwm.o
                0x0000000008014110                mcpwm_set_detect
 .text.mcpwm_get_detect_pos
                0x0000000008014170      0x110 build/obj/mcpwm.o
                0x0000000008014170                mcpwm_get_detect_pos
 .text.mcpwm_read_reset_avg_cycle_integrator
                0x0000000008014280       0x20 build/obj/mcpwm.o
                0x0000000008014280                mcpwm_read_reset_avg_cycle_integrator
 .text.mcpwm_get_last_adc_isr_duration
                0x00000000080142a0        0xc build/obj/mcpwm.o
                0x00000000080142a0                mcpwm_get_last_adc_isr_duration
 *fill*         0x00000000080142ac        0x4 
 .text.mcpwm_get_last_inj_adc_isr_duration
                0x00000000080142b0        0xc build/obj/mcpwm.o
                0x00000000080142b0                mcpwm_get_last_inj_adc_isr_duration
 *fill*         0x00000000080142bc        0x4 
 .text.mcpwm_get_rpm_dep
                0x00000000080142c0       0x20 build/obj/mcpwm.o
                0x00000000080142c0                mcpwm_get_rpm_dep
 .text.mcpwm_is_dccal_done
                0x00000000080142e0        0xc build/obj/mcpwm.o
                0x00000000080142e0                mcpwm_is_dccal_done
 *fill*         0x00000000080142ec        0x4 
 .text.mcpwm_switch_comm_mode
                0x00000000080142f0        0xc build/obj/mcpwm.o
                0x00000000080142f0                mcpwm_switch_comm_mode
 *fill*         0x00000000080142fc        0x4 
 .text.mcpwm_reset_hall_detect_table
                0x0000000008014300       0x10 build/obj/mcpwm.o
                0x0000000008014300                mcpwm_reset_hall_detect_table
 .text.mcpwm_get_hall_detect_result
                0x0000000008014310       0xac build/obj/mcpwm.o
                0x0000000008014310                mcpwm_get_hall_detect_result
 *fill*         0x00000000080143bc        0x4 
 .text.mcpwm_read_hall_phase
                0x00000000080143c0       0x4c build/obj/mcpwm.o
                0x00000000080143c0                mcpwm_read_hall_phase
 *fill*         0x000000000801440c        0x4 
 .text.set_duty_cycle_ll
                0x0000000008014410      0x1a0 build/obj/mcpwm.o
 .text.set_duty_cycle_hl
                0x00000000080145b0      0x10c build/obj/mcpwm.o
 *fill*         0x00000000080146bc        0x4 
 .text.mcpwm_set_duty
                0x00000000080146c0       0x10 build/obj/mcpwm.o
                0x00000000080146c0                mcpwm_set_duty
 .text.rpm_thread
                0x00000000080146d0      0x3c8 build/obj/mcpwm.o
 *fill*         0x0000000008014a98        0x8 
 .text.mcpwm_set_pid_pos
                0x0000000008014aa0       0x34 build/obj/mcpwm.o
                0x0000000008014aa0                mcpwm_set_pid_pos
 *fill*         0x0000000008014ad4        0xc 
 .text.mcpwm_set_current
                0x0000000008014ae0       0x9c build/obj/mcpwm.o
                0x0000000008014ae0                mcpwm_set_current
 *fill*         0x0000000008014b7c        0x4 
 .text.mcpwm_adc_int_handler
                0x0000000008014b80      0xc10 build/obj/mcpwm.o
                0x0000000008014b80                mcpwm_adc_int_handler
 .text.icuperiodcb
                0x0000000008015790        0x4 build/obj/servo_dec.o
 *fill*         0x0000000008015794        0xc 
 .text.icuwidthcb
                0x00000000080157a0      0x140 build/obj/servo_dec.o
 .text.servodec_init
                0x00000000080158e0       0x58 build/obj/servo_dec.o
                0x00000000080158e0                servodec_init
 *fill*         0x0000000008015938        0x8 
 .text.servodec_stop
                0x0000000008015940       0x54 build/obj/servo_dec.o
                0x0000000008015940                servodec_stop
 *fill*         0x0000000008015994        0xc 
 .text.servodec_set_pulse_options
                0x00000000080159a0       0x20 build/obj/servo_dec.o
                0x00000000080159a0                servodec_set_pulse_options
 .text.servodec_get_servo
                0x00000000080159c0       0x1c build/obj/servo_dec.o
                0x00000000080159c0                servodec_get_servo
 *fill*         0x00000000080159dc        0x4 
 .text.servodec_get_time_since_update
                0x00000000080159e0       0x20 build/obj/servo_dec.o
                0x00000000080159e0                servodec_get_time_since_update
 .text.servodec_get_last_pulse_len
                0x0000000008015a00       0x1c build/obj/servo_dec.o
                0x0000000008015a00                servodec_get_last_pulse_len
 *fill*         0x0000000008015a1c        0x4 
 .text.utils_step_towards
                0x0000000008015a20       0x38 build/obj/utils.o
                0x0000000008015a20                utils_step_towards
 *fill*         0x0000000008015a58        0x8 
 .text.utils_norm_angle
                0x0000000008015a60       0x34 build/obj/utils.o
                0x0000000008015a60                utils_norm_angle
 *fill*         0x0000000008015a94        0xc 
 .text.utils_norm_angle_rad
                0x0000000008015aa0       0x5c build/obj/utils.o
                0x0000000008015aa0                utils_norm_angle_rad
 *fill*         0x0000000008015afc        0x4 
 .text.utils_truncate_number
                0x0000000008015b00       0x2c build/obj/utils.o
                0x0000000008015b00                utils_truncate_number
 *fill*         0x0000000008015b2c        0x4 
 .text.utils_truncate_number_int
                0x0000000008015b30       0x18 build/obj/utils.o
                0x0000000008015b30                utils_truncate_number_int
 *fill*         0x0000000008015b48        0x8 
 .text.utils_truncate_number_abs
                0x0000000008015b50       0x28 build/obj/utils.o
                0x0000000008015b50                utils_truncate_number_abs
 *fill*         0x0000000008015b78        0x8 
 .text.utils_map
                0x0000000008015b80       0x1c build/obj/utils.o
                0x0000000008015b80                utils_map
 *fill*         0x0000000008015b9c        0x4 
 .text.utils_deadband
                0x0000000008015ba0       0x48 build/obj/utils.o
                0x0000000008015ba0                utils_deadband
 *fill*         0x0000000008015be8        0x8 
 .text.utils_angle_difference
                0x0000000008015bf0       0x54 build/obj/utils.o
                0x0000000008015bf0                utils_angle_difference
 *fill*         0x0000000008015c44        0xc 
 .text.utils_angle_difference_rad
                0x0000000008015c50       0x54 build/obj/utils.o
                0x0000000008015c50                utils_angle_difference_rad
 *fill*         0x0000000008015ca4        0xc 
 .text.utils_middle_of_3
                0x0000000008015cb0       0x6c build/obj/utils.o
                0x0000000008015cb0                utils_middle_of_3
 *fill*         0x0000000008015d1c        0x4 
 .text.utils_middle_of_3_int
                0x0000000008015d20       0x34 build/obj/utils.o
                0x0000000008015d20                utils_middle_of_3_int
 *fill*         0x0000000008015d54        0xc 
 .text.utils_fast_atan2
                0x0000000008015d60       0x7c build/obj/utils.o
                0x0000000008015d60                utils_fast_atan2
 *fill*         0x0000000008015ddc        0x4 
 .text.utils_saturate_vector_2d
                0x0000000008015de0       0x90 build/obj/utils.o
                0x0000000008015de0                utils_saturate_vector_2d
 .text.utils_fast_sincos_better
                0x0000000008015e70      0x10c build/obj/utils.o
                0x0000000008015e70                utils_fast_sincos_better
 *fill*         0x0000000008015f7c        0x4 
 .text.utils_min_abs
                0x0000000008015f80       0x18 build/obj/utils.o
                0x0000000008015f80                utils_min_abs
 *fill*         0x0000000008015f98        0x8 
 .text.utils_max_abs
                0x0000000008015fa0       0x18 build/obj/utils.o
                0x0000000008015fa0                utils_max_abs
 *fill*         0x0000000008015fb8        0x8 
 .text.utils_throttle_curve
                0x0000000008015fc0      0x154 build/obj/utils.o
                0x0000000008015fc0                utils_throttle_curve
 *fill*         0x0000000008016114        0xc 
 .text.utils_sys_lock_cnt
                0x0000000008016120       0x18 build/obj/utils.o
                0x0000000008016120                utils_sys_lock_cnt
 *fill*         0x0000000008016138        0x8 
 .text.utils_sys_unlock_cnt
                0x0000000008016140       0x1c build/obj/utils.o
                0x0000000008016140                utils_sys_unlock_cnt
 *fill*         0x000000000801615c        0x4 
 .text.packet_init
                0x0000000008016160       0x14 build/obj/packet.o
                0x0000000008016160                packet_init
 *fill*         0x0000000008016174        0xc 
 .text.packet_send_packet
                0x0000000008016180       0x88 build/obj/packet.o
                0x0000000008016180                packet_send_packet
 *fill*         0x0000000008016208        0x8 
 .text.packet_timerfunc
                0x0000000008016210       0x40 build/obj/packet.o
                0x0000000008016210                packet_timerfunc
 .text.packet_process_byte
                0x0000000008016250      0x13c build/obj/packet.o
                0x0000000008016250                packet_process_byte
 *fill*         0x000000000801638c        0x4 
 .text.terminal_process_string
                0x0000000008016390     0x1110 build/obj/terminal.o
                0x0000000008016390                terminal_process_string
 .text.terminal_add_fault_data
                0x00000000080174a0       0x44 build/obj/terminal.o
                0x00000000080174a0                terminal_add_fault_data
 *fill*         0x00000000080174e4        0xc 
 .text.terminal_register_command_callback
                0x00000000080174f0       0x8c build/obj/terminal.o
                0x00000000080174f0                terminal_register_command_callback
 *fill*         0x000000000801757c        0x4 
 .text.conf_general_init
                0x0000000008017580       0x54 build/obj/conf_general.o
                0x0000000008017580                conf_general_init
 *fill*         0x00000000080175d4        0xc 
 .text.conf_general_get_default_app_configuration
                0x00000000080175e0      0x144 build/obj/conf_general.o
                0x00000000080175e0                conf_general_get_default_app_configuration
 *fill*         0x0000000008017724        0xc 
 .text.conf_general_get_default_mc_configuration
                0x0000000008017730      0x2fc build/obj/conf_general.o
                0x0000000008017730                conf_general_get_default_mc_configuration
 *fill*         0x0000000008017a2c        0x4 
 .text.conf_general_read_app_configuration
                0x0000000008017a30       0x44 build/obj/conf_general.o
                0x0000000008017a30                conf_general_read_app_configuration
 *fill*         0x0000000008017a74        0xc 
 .text.conf_general_store_app_configuration
                0x0000000008017a80       0x74 build/obj/conf_general.o
                0x0000000008017a80                conf_general_store_app_configuration
 *fill*         0x0000000008017af4        0xc 
 .text.conf_general_read_mc_configuration
                0x0000000008017b00       0x44 build/obj/conf_general.o
                0x0000000008017b00                conf_general_read_mc_configuration
 *fill*         0x0000000008017b44        0xc 
 .text.conf_general_store_mc_configuration
                0x0000000008017b50       0x74 build/obj/conf_general.o
                0x0000000008017b50                conf_general_store_mc_configuration
 *fill*         0x0000000008017bc4        0xc 
 .text.conf_general_detect_motor_param
                0x0000000008017bd0      0x340 build/obj/conf_general.o
                0x0000000008017bd0                conf_general_detect_motor_param
 .text.conf_general_measure_flux_linkage
                0x0000000008017f10      0x2e4 build/obj/conf_general.o
                0x0000000008017f10                conf_general_measure_flux_linkage
 *fill*         0x00000000080181f4        0xc 
 .text.EE_VerifyPageFullWriteVariable
                0x0000000008018200       0x7c build/obj/eeprom.o
 *fill*         0x000000000801827c        0x4 
 .text.EE_EraseSectorIfNotEmpty.constprop.1
                0x0000000008018280       0x30 build/obj/eeprom.o
 .text.EE_Format
                0x00000000080182b0       0x2c build/obj/eeprom.o
 *fill*         0x00000000080182dc        0x4 
 .text.EE_ReadVariable
                0x00000000080182e0       0x70 build/obj/eeprom.o
                0x00000000080182e0                EE_ReadVariable
 .text.EE_Init  0x0000000008018350      0x154 build/obj/eeprom.o
                0x0000000008018350                EE_Init
 *fill*         0x00000000080184a4        0xc 
 .text.EE_WriteVariable
                0x00000000080184b0       0xb0 build/obj/eeprom.o
                0x00000000080184b0                EE_WriteVariable
 .text.detect_thread
                0x0000000008018560      0x114 build/obj/commands.o
 *fill*         0x0000000008018674        0xc 
 .text.commands_init
                0x0000000008018680       0x24 build/obj/commands.o
                0x0000000008018680                commands_init
 *fill*         0x00000000080186a4        0xc 
 .text.commands_set_send_func
                0x00000000080186b0        0xc build/obj/commands.o
                0x00000000080186b0                commands_set_send_func
 *fill*         0x00000000080186bc        0x4 
 .text.commands_send_packet
                0x00000000080186c0       0x10 build/obj/commands.o
                0x00000000080186c0                commands_send_packet
 .text.commands_printf
                0x00000000080186d0       0x44 build/obj/commands.o
                0x00000000080186d0                commands_printf
 *fill*         0x0000000008018714        0xc 
 .text.commands_send_rotor_pos
                0x0000000008018720       0x40 build/obj/commands.o
                0x0000000008018720                commands_send_rotor_pos
 .text.commands_get_disp_pos_mode
                0x0000000008018760        0xc build/obj/commands.o
                0x0000000008018760                commands_get_disp_pos_mode
 *fill*         0x000000000801876c        0x4 
 .text.commands_send_appconf
                0x0000000008018770      0x2c4 build/obj/commands.o
                0x0000000008018770                commands_send_appconf
 *fill*         0x0000000008018a34        0xc 
 .text.commands_process_packet
                0x0000000008018a40     0x16e0 build/obj/commands.o
                0x0000000008018a40                commands_process_packet
 .text.timeout_thread
                0x000000000801a120       0x7c build/obj/timeout.o
 *fill*         0x000000000801a19c        0x4 
 .text.timeout_init
                0x000000000801a1a0       0x48 build/obj/timeout.o
                0x000000000801a1a0                timeout_init
 *fill*         0x000000000801a1e8        0x8 
 .text.timeout_configure
                0x000000000801a1f0       0x14 build/obj/timeout.o
                0x000000000801a1f0                timeout_configure
 *fill*         0x000000000801a204        0xc 
 .text.timeout_reset
                0x000000000801a210       0x20 build/obj/timeout.o
                0x000000000801a210                timeout_reset
 .text.timeout_has_timeout
                0x000000000801a230        0xc build/obj/timeout.o
                0x000000000801a230                timeout_has_timeout
 *fill*         0x000000000801a23c        0x4 
 .text.timeout_get_timeout_msec
                0x000000000801a240        0xc build/obj/timeout.o
                0x000000000801a240                timeout_get_timeout_msec
 *fill*         0x000000000801a24c        0x4 
 .text.timeout_get_brake_current
                0x000000000801a250        0xc build/obj/timeout.o
                0x000000000801a250                timeout_get_brake_current
 *fill*         0x000000000801a25c        0x4 
 .text.cancom_process_thread
                0x000000000801a260      0x3a0 build/obj/comm_can.o
 .text.cancom_read_thread
                0x000000000801a600       0xcc build/obj/comm_can.o
 *fill*         0x000000000801a6cc        0x4 
 .text.comm_can_init
                0x000000000801a6d0       0xb0 build/obj/comm_can.o
                0x000000000801a6d0                comm_can_init
 .text.comm_can_transmit_eid
                0x000000000801a780       0x54 build/obj/comm_can.o
                0x000000000801a780                comm_can_transmit_eid
 *fill*         0x000000000801a7d4        0xc 
 .text.cancom_status_thread
                0x000000000801a7e0       0xb0 build/obj/comm_can.o
 .text.comm_can_send_buffer
                0x000000000801a890      0x15c build/obj/comm_can.o
                0x000000000801a890                comm_can_send_buffer
 *fill*         0x000000000801a9ec        0x4 
 .text.send_packet_wrapper
                0x000000000801a9f0       0x18 build/obj/comm_can.o
 *fill*         0x000000000801aa08        0x8 
 .text.comm_can_set_duty
                0x000000000801aa10       0x38 build/obj/comm_can.o
                0x000000000801aa10                comm_can_set_duty
 *fill*         0x000000000801aa48        0x8 
 .text.comm_can_set_current
                0x000000000801aa50       0x3c build/obj/comm_can.o
                0x000000000801aa50                comm_can_set_current
 *fill*         0x000000000801aa8c        0x4 
 .text.comm_can_set_current_brake
                0x000000000801aa90       0x3c build/obj/comm_can.o
                0x000000000801aa90                comm_can_set_current_brake
 *fill*         0x000000000801aacc        0x4 
 .text.comm_can_get_status_msg_index
                0x000000000801aad0       0x18 build/obj/comm_can.o
                0x000000000801aad0                comm_can_get_status_msg_index
 *fill*         0x000000000801aae8        0x8 
 .text.led_external_set_state
                0x000000000801aaf0        0xc build/obj/led_external.o
                0x000000000801aaf0                led_external_set_state
 *fill*         0x000000000801aafc        0x4 
 .text.led_external_set_reversed
                0x000000000801ab00        0xc build/obj/led_external.o
                0x000000000801ab00                led_external_set_reversed
 *fill*         0x000000000801ab0c        0x4 
 .text.encoder_deinit
                0x000000000801ab10       0x74 build/obj/encoder.o
                0x000000000801ab10                encoder_deinit
 *fill*         0x000000000801ab84        0xc 
 .text.encoder_init_abi
                0x000000000801ab90       0xb4 build/obj/encoder.o
                0x000000000801ab90                encoder_init_abi
 *fill*         0x000000000801ac44        0xc 
 .text.encoder_init_as5047p_spi
                0x000000000801ac50       0x90 build/obj/encoder.o
                0x000000000801ac50                encoder_init_as5047p_spi
 .text.encoder_is_configured
                0x000000000801ace0       0x10 build/obj/encoder.o
                0x000000000801ace0                encoder_is_configured
 .text.encoder_read_deg
                0x000000000801acf0       0x64 build/obj/encoder.o
                0x000000000801acf0                encoder_read_deg
 *fill*         0x000000000801ad54        0xc 
 .text.encoder_reset
                0x000000000801ad60       0x80 build/obj/encoder.o
                0x000000000801ad60                encoder_reset
 .text.encoder_tim_isr
                0x000000000801ade0       0xa0 build/obj/encoder.o
                0x000000000801ade0                encoder_tim_isr
 .text.encoder_set_counts
                0x000000000801ae80       0x2c build/obj/encoder.o
                0x000000000801ae80                encoder_set_counts
 *fill*         0x000000000801aeac        0x4 
 .text.encoder_index_found
                0x000000000801aeb0        0xc build/obj/encoder.o
                0x000000000801aeb0                encoder_index_found
 *fill*         0x000000000801aebc        0x4 
 .text.flash_helper_erase_new_app
                0x000000000801aec0       0x88 build/obj/flash_helper.o
                0x000000000801aec0                flash_helper_erase_new_app
 *fill*         0x000000000801af48        0x8 
 .text.flash_helper_write_new_app_data
                0x000000000801af50       0x60 build/obj/flash_helper.o
                0x000000000801af50                flash_helper_write_new_app_data
 .text.flash_helper_jump_to_bootloader
                0x000000000801afb0       0x90 build/obj/flash_helper.o
                0x000000000801afb0                flash_helper_jump_to_bootloader
 .text.flash_helper_get_sector_address
                0x000000000801b040       0x2c build/obj/flash_helper.o
                0x000000000801b040                flash_helper_get_sector_address
 *fill*         0x000000000801b06c        0x4 
 .text.sample_send_thread
                0x000000000801b070      0x244 build/obj/mc_interface.o
 *fill*         0x000000000801b2b4        0xc 
 .text.mc_interface_init
                0x000000000801b2c0      0x178 build/obj/mc_interface.o
                0x000000000801b2c0                mc_interface_init
 *fill*         0x000000000801b438        0x8 
 .text.mc_interface_get_configuration
                0x000000000801b440        0x8 build/obj/mc_interface.o
                0x000000000801b440                mc_interface_get_configuration
 *fill*         0x000000000801b448        0x8 
 .text.mc_interface_dccal_done
                0x000000000801b450       0x20 build/obj/mc_interface.o
                0x000000000801b450                mc_interface_dccal_done
 .text.mc_interface_lock
                0x000000000801b470        0xc build/obj/mc_interface.o
                0x000000000801b470                mc_interface_lock
 *fill*         0x000000000801b47c        0x4 
 .text.mc_interface_unlock
                0x000000000801b480        0xc build/obj/mc_interface.o
                0x000000000801b480                mc_interface_unlock
 *fill*         0x000000000801b48c        0x4 
 .text.mc_interface_lock_override_once
                0x000000000801b490        0xc build/obj/mc_interface.o
                0x000000000801b490                mc_interface_lock_override_once
 *fill*         0x000000000801b49c        0x4 
 .text.mc_interface_get_fault
                0x000000000801b4a0        0xc build/obj/mc_interface.o
                0x000000000801b4a0                mc_interface_get_fault
 *fill*         0x000000000801b4ac        0x4 
 .text.mc_interface_fault_to_string
                0x000000000801b4b0       0x18 build/obj/mc_interface.o
                0x000000000801b4b0                mc_interface_fault_to_string
 *fill*         0x000000000801b4c8        0x8 
 .text.mc_interface_get_state
                0x000000000801b4d0       0x20 build/obj/mc_interface.o
                0x000000000801b4d0                mc_interface_get_state
 .text.mc_interface_get_duty_cycle_now
                0x000000000801b4f0       0x44 build/obj/mc_interface.o
                0x000000000801b4f0                mc_interface_get_duty_cycle_now
 *fill*         0x000000000801b534        0xc 
 .text.mc_interface_get_sampling_frequency_now
                0x000000000801b540       0x24 build/obj/mc_interface.o
                0x000000000801b540                mc_interface_get_sampling_frequency_now
 *fill*         0x000000000801b564        0xc 
 .text.mc_interface_get_rpm
                0x000000000801b570       0x44 build/obj/mc_interface.o
                0x000000000801b570                mc_interface_get_rpm
 *fill*         0x000000000801b5b4        0xc 
 .text.mc_interface_get_amp_hours
                0x000000000801b5c0       0x20 build/obj/mc_interface.o
                0x000000000801b5c0                mc_interface_get_amp_hours
 .text.mc_interface_get_amp_hours_charged
                0x000000000801b5e0       0x20 build/obj/mc_interface.o
                0x000000000801b5e0                mc_interface_get_amp_hours_charged
 .text.mc_interface_get_watt_hours
                0x000000000801b600       0x20 build/obj/mc_interface.o